2026-05-04 00:15:07.487 [main] [] INFO  com.phonestore.PhoneStoreApplication - Starting PhoneStoreApplication using Java 21.0.8 with PID 90239 (/Users/tstran95/ALL_IN_ONE/IT/PROJECT/phone-store/backend/target/classes started by tstran95 in /Users/tstran95/ALL_IN_ONE/IT/PROJECT/phone-store/backend)
2026-05-04 00:15:07.492 [main] [] INFO  com.phonestore.PhoneStoreApplication - The following 1 profile is active: "dev"
2026-05-04 00:15:08.293 [main] [] INFO  org.apache.coyote.http11.Http11NioProtocol - Initializing ProtocolHandler ["http-nio-8080"]
2026-05-04 00:15:08.294 [main] [] INFO  org.apache.catalina.core.StandardService - Starting service [Tomcat]
2026-05-04 00:15:08.294 [main] [] INFO  org.apache.catalina.core.StandardEngine - Starting Servlet engine: [Apache Tomcat/10.1.16]
2026-05-04 00:15:08.309 [main] [] INFO  org.apache.catalina.core.ContainerBase.[Tomcat].[localhost].[/api] - Initializing Spring embedded WebApplicationContext
2026-05-04 00:15:09.602 [main] [] INFO  com.phonestore.config.LoggingConfig - ========================================
2026-05-04 00:15:09.602 [main] [] INFO  com.phonestore.config.LoggingConfig - Logging system initialized
2026-05-04 00:15:09.602 [main] [] INFO  com.phonestore.config.LoggingConfig - Log files location: /Users/tstran95/ALL_IN_ONE/IT/PROJECT/phone-store/backend/./logs
2026-05-04 00:15:09.602 [main] [] INFO  com.phonestore.config.LoggingConfig - Trace token enabled for request tracking
2026-05-04 00:15:09.602 [main] [] INFO  com.phonestore.config.LoggingConfig - ========================================
2026-05-04 00:15:09.605 [main] [] INFO  com.phonestore.config.VNPayConfig - VNPay Config loaded - TMN Code: TESTCODE, Pay URL: https://sandbox.vnpayment.vn/paymentv2/vpcpay.html
2026-05-04 00:15:10.485 [main] [] INFO  org.mongodb.driver.client - MongoClient with metadata {"driver": {"name": "mongo-java-driver|sync|spring-boot", "version": "4.11.1"}, "os": {"type": "Darwin", "name": "Mac OS X", "architecture": "aarch64", "version": "15.7.4"}, "platform": "Java/Homebrew/21.0.8"} created with settings MongoClientSettings{readPreference=primary, writeConcern=WriteConcern{w=null, wTimeout=null ms, journal=null}, retryWrites=true, retryReads=true, readConcern=ReadConcern{level=null}, credential=MongoCredential{mechanism=null, userName='admin', source='admin', password=<hidden>, mechanismProperties=<hidden>}, transportSettings=null, streamFactoryFactory=null, commandListeners=[io.micrometer.core.instrument.binder.mongodb.MongoMetricsCommandListener@b5a70e0], codecRegistry=ProvidersCodecRegistry{codecProviders=[ValueCodecProvider{}, BsonValueCodecProvider{}, DBRefCodecProvider{}, DBObjectCodecProvider{}, DocumentCodecProvider{}, CollectionCodecProvider{}, IterableCodecProvider{}, MapCodecProvider{}, GeoJsonCodecProvider{}, GridFSFileCodecProvider{}, Jsr310CodecProvider{}, JsonObjectCodecProvider{}, BsonCodecProvider{}, EnumCodecProvider{}, com.mongodb.client.model.mql.ExpressionCodecProvider@751fd568, com.mongodb.Jep395RecordCodecProvider@126aaede, com.mongodb.KotlinCodecProvider@73b40ffd]}, loggerSettings=LoggerSettings{maxDocumentLength=1000}, clusterSettings={hosts=[localhost:27017], srvServiceName=mongodb, mode=SINGLE, requiredClusterType=UNKNOWN, requiredReplicaSetName='null', serverSelector='null', clusterListeners='[]', serverSelectionTimeout='30000 ms', localThreshold='15 ms'}, socketSettings=SocketSettings{connectTimeoutMS=10000, readTimeoutMS=0, receiveBufferSize=0, proxySettings=ProxySettings{host=null, port=null, username=null, password=null}}, heartbeatSocketSettings=SocketSettings{connectTimeoutMS=10000, readTimeoutMS=10000, receiveBufferSize=0, proxySettings=ProxySettings{host=null, port=null, username=null, password=null}}, connectionPoolSettings=ConnectionPoolSettings{maxSize=100, minSize=0, maxWaitTimeMS=120000, maxConnectionLifeTimeMS=0, maxConnectionIdleTimeMS=0, maintenanceInitialDelayMS=0, maintenanceFrequencyMS=60000, connectionPoolListeners=[io.micrometer.core.instrument.binder.mongodb.MongoMetricsConnectionPoolListener@5d442535], maxConnecting=2}, serverSettings=ServerSettings{heartbeatFrequencyMS=10000, minHeartbeatFrequencyMS=500, serverListeners='[]', serverMonitorListeners='[]'}, sslSettings=SslSettings{enabled=false, invalidHostNameAllowed=false, context=null}, applicationName='null', compressorList=[], uuidRepresentation=JAVA_LEGACY, serverApi=null, autoEncryptionSettings=null, dnsClient=null, inetAddressResolver=null, contextProvider=null}
2026-05-04 00:15:10.490 [cluster-ClusterId{value='69f7829ea7d3a04610fa780c', description='null'}-localhost:27017] [] INFO  org.mongodb.driver.cluster - Monitor thread successfully connected to server with description ServerDescription{address=localhost:27017, type=STANDALONE, state=CONNECTED, ok=true, minWireVersion=0, maxWireVersion=17, maxDocumentSize=16777216, logicalSessionTimeoutMinutes=30, roundTripTimeNanos=8168667}
2026-05-04 00:15:11.023 [main] [] INFO  org.apache.coyote.http11.Http11NioProtocol - Starting ProtocolHandler ["http-nio-8080"]
2026-05-04 00:15:11.036 [main] [] INFO  com.phonestore.PhoneStoreApplication - Started PhoneStoreApplication in 3.702 seconds (process running for 4.083)
2026-05-04 00:15:11.068 [main] [] INFO  com.phonestore.config.DataInitializer - Admin user already exists: admin@phonestore.com
2026-05-04 00:15:23.299 [http-nio-8080-exec-1] [] INFO  org.apache.catalina.core.ContainerBase.[Tomcat].[localhost].[/api] - Initializing Spring DispatcherServlet 'dispatcherServlet'
2026-05-04 00:42:38.216 [main] [] INFO  com.phonestore.PhoneStoreApplication - Starting PhoneStoreApplication using Java 21.0.8 with PID 93513 (/Users/tstran95/ALL_IN_ONE/IT/PROJECT/phone-store/backend/target/classes started by tstran95 in /Users/tstran95/ALL_IN_ONE/IT/PROJECT/phone-store/backend)
2026-05-04 00:42:38.218 [main] [] INFO  com.phonestore.PhoneStoreApplication - The following 1 profile is active: "dev"
2026-05-04 00:42:39.134 [main] [] INFO  org.apache.coyote.http11.Http11NioProtocol - Initializing ProtocolHandler ["http-nio-8080"]
2026-05-04 00:42:39.137 [main] [] INFO  org.apache.catalina.core.StandardService - Starting service [Tomcat]
2026-05-04 00:42:39.138 [main] [] INFO  org.apache.catalina.core.StandardEngine - Starting Servlet engine: [Apache Tomcat/10.1.16]
2026-05-04 00:42:39.176 [main] [] INFO  org.apache.catalina.core.ContainerBase.[Tomcat].[localhost].[/api] - Initializing Spring embedded WebApplicationContext
2026-05-04 00:42:41.161 [main] [] INFO  com.phonestore.config.LoggingConfig - ========================================
2026-05-04 00:42:41.161 [main] [] INFO  com.phonestore.config.LoggingConfig - Logging system initialized
2026-05-04 00:42:41.161 [main] [] INFO  com.phonestore.config.LoggingConfig - Log files location: /Users/tstran95/ALL_IN_ONE/IT/PROJECT/phone-store/backend/./logs
2026-05-04 00:42:41.161 [main] [] INFO  com.phonestore.config.LoggingConfig - Trace token enabled for request tracking
2026-05-04 00:42:41.161 [main] [] INFO  com.phonestore.config.LoggingConfig - ========================================
2026-05-04 00:42:41.169 [main] [] INFO  com.phonestore.config.VNPayConfig - VNPay Config loaded - TMN Code: TESTCODE, Pay URL: https://sandbox.vnpayment.vn/paymentv2/vpcpay.html
2026-05-04 00:42:42.405 [main] [] INFO  org.mongodb.driver.client - MongoClient with metadata {"driver": {"name": "mongo-java-driver|sync|spring-boot", "version": "4.11.1"}, "os": {"type": "Darwin", "name": "Mac OS X", "architecture": "aarch64", "version": "15.7.4"}, "platform": "Java/Homebrew/21.0.8"} created with settings MongoClientSettings{readPreference=primary, writeConcern=WriteConcern{w=null, wTimeout=null ms, journal=null}, retryWrites=true, retryReads=true, readConcern=ReadConcern{level=null}, credential=MongoCredential{mechanism=null, userName='admin', source='admin', password=<hidden>, mechanismProperties=<hidden>}, transportSettings=null, streamFactoryFactory=null, commandListeners=[io.micrometer.core.instrument.binder.mongodb.MongoMetricsCommandListener@1ac483d3], codecRegistry=ProvidersCodecRegistry{codecProviders=[ValueCodecProvider{}, BsonValueCodecProvider{}, DBRefCodecProvider{}, DBObjectCodecProvider{}, DocumentCodecProvider{}, CollectionCodecProvider{}, IterableCodecProvider{}, MapCodecProvider{}, GeoJsonCodecProvider{}, GridFSFileCodecProvider{}, Jsr310CodecProvider{}, JsonObjectCodecProvider{}, BsonCodecProvider{}, EnumCodecProvider{}, com.mongodb.client.model.mql.ExpressionCodecProvider@67d1241b, com.mongodb.Jep395RecordCodecProvider@5a3cfce5, com.mongodb.KotlinCodecProvider@5c30b46]}, loggerSettings=LoggerSettings{maxDocumentLength=1000}, clusterSettings={hosts=[localhost:27017], srvServiceName=mongodb, mode=SINGLE, requiredClusterType=UNKNOWN, requiredReplicaSetName='null', serverSelector='null', clusterListeners='[]', serverSelectionTimeout='30000 ms', localThreshold='15 ms'}, socketSettings=SocketSettings{connectTimeoutMS=10000, readTimeoutMS=0, receiveBufferSize=0, proxySettings=ProxySettings{host=null, port=null, username=null, password=null}}, heartbeatSocketSettings=SocketSettings{connectTimeoutMS=10000, readTimeoutMS=10000, receiveBufferSize=0, proxySettings=ProxySettings{host=null, port=null, username=null, password=null}}, connectionPoolSettings=ConnectionPoolSettings{maxSize=100, minSize=0, maxWaitTimeMS=120000, maxConnectionLifeTimeMS=0, maxConnectionIdleTimeMS=0, maintenanceInitialDelayMS=0, maintenanceFrequencyMS=60000, connectionPoolListeners=[io.micrometer.core.instrument.binder.mongodb.MongoMetricsConnectionPoolListener@6b892f30], maxConnecting=2}, serverSettings=ServerSettings{heartbeatFrequencyMS=10000, minHeartbeatFrequencyMS=500, serverListeners='[]', serverMonitorListeners='[]'}, sslSettings=SslSettings{enabled=false, invalidHostNameAllowed=false, context=null}, applicationName='null', compressorList=[], uuidRepresentation=JAVA_LEGACY, serverApi=null, autoEncryptionSettings=null, dnsClient=null, inetAddressResolver=null, contextProvider=null}
2026-05-04 00:42:42.413 [cluster-ClusterId{value='69f78912eeb7a4445d0caca3', description='null'}-localhost:27017] [] INFO  org.mongodb.driver.cluster - Monitor thread successfully connected to server with description ServerDescription{address=localhost:27017, type=STANDALONE, state=CONNECTED, ok=true, minWireVersion=0, maxWireVersion=17, maxDocumentSize=16777216, logicalSessionTimeoutMinutes=30, roundTripTimeNanos=12971417}
2026-05-04 00:42:43.096 [main] [] INFO  org.apache.coyote.http11.Http11NioProtocol - Starting ProtocolHandler ["http-nio-8080"]
2026-05-04 00:42:43.111 [main] [] INFO  com.phonestore.PhoneStoreApplication - Started PhoneStoreApplication in 4.999 seconds (process running for 5.261)
2026-05-04 00:42:43.142 [main] [] INFO  com.phonestore.config.DataInitializer - Admin user already exists: admin@phonestore.com
2026-05-04 00:43:15.669 [http-nio-8080-exec-1] [] INFO  org.apache.catalina.core.ContainerBase.[Tomcat].[localhost].[/api] - Initializing Spring DispatcherServlet 'dispatcherServlet'
2026-05-04 01:07:13.756 [main] [] INFO  com.phonestore.PhoneStoreApplication - Starting PhoneStoreApplication using Java 21.0.8 with PID 96008 (/Users/tstran95/ALL_IN_ONE/IT/PROJECT/phone-store/backend/target/classes started by tstran95 in /Users/tstran95/ALL_IN_ONE/IT/PROJECT/phone-store/backend)
2026-05-04 01:07:13.757 [main] [] INFO  com.phonestore.PhoneStoreApplication - The following 1 profile is active: "dev"
2026-05-04 01:07:14.997 [main] [] INFO  org.apache.coyote.http11.Http11NioProtocol - Initializing ProtocolHandler ["http-nio-8080"]
2026-05-04 01:07:14.998 [main] [] INFO  org.apache.catalina.core.StandardService - Starting service [Tomcat]
2026-05-04 01:07:14.998 [main] [] INFO  org.apache.catalina.core.StandardEngine - Starting Servlet engine: [Apache Tomcat/10.1.16]
2026-05-04 01:07:15.015 [main] [] INFO  org.apache.catalina.core.ContainerBase.[Tomcat].[localhost].[/api] - Initializing Spring embedded WebApplicationContext
2026-05-04 01:07:16.708 [main] [] INFO  com.phonestore.config.LoggingConfig - ========================================
2026-05-04 01:07:16.708 [main] [] INFO  com.phonestore.config.LoggingConfig - Logging system initialized
2026-05-04 01:07:16.708 [main] [] INFO  com.phonestore.config.LoggingConfig - Log files location: /Users/tstran95/ALL_IN_ONE/IT/PROJECT/phone-store/backend/./logs
2026-05-04 01:07:16.708 [main] [] INFO  com.phonestore.config.LoggingConfig - Trace token enabled for request tracking
2026-05-04 01:07:16.708 [main] [] INFO  com.phonestore.config.LoggingConfig - ========================================
2026-05-04 01:07:16.712 [main] [] INFO  com.phonestore.config.VNPayConfig - VNPay Config loaded - TMN Code: TESTCODE, Pay URL: https://sandbox.vnpayment.vn/paymentv2/vpcpay.html
2026-05-04 01:07:17.712 [main] [] INFO  org.mongodb.driver.client - MongoClient with metadata {"driver": {"name": "mongo-java-driver|sync|spring-boot", "version": "4.11.1"}, "os": {"type": "Darwin", "name": "Mac OS X", "architecture": "aarch64", "version": "15.7.4"}, "platform": "Java/Homebrew/21.0.8"} created with settings MongoClientSettings{readPreference=primary, writeConcern=WriteConcern{w=null, wTimeout=null ms, journal=null}, retryWrites=true, retryReads=true, readConcern=ReadConcern{level=null}, credential=MongoCredential{mechanism=null, userName='admin', source='admin', password=<hidden>, mechanismProperties=<hidden>}, transportSettings=null, streamFactoryFactory=null, commandListeners=[io.micrometer.core.instrument.binder.mongodb.MongoMetricsCommandListener@c63a15f], codecRegistry=ProvidersCodecRegistry{codecProviders=[ValueCodecProvider{}, BsonValueCodecProvider{}, DBRefCodecProvider{}, DBObjectCodecProvider{}, DocumentCodecProvider{}, CollectionCodecProvider{}, IterableCodecProvider{}, MapCodecProvider{}, GeoJsonCodecProvider{}, GridFSFileCodecProvider{}, Jsr310CodecProvider{}, JsonObjectCodecProvider{}, BsonCodecProvider{}, EnumCodecProvider{}, com.mongodb.client.model.mql.ExpressionCodecProvider@76a72a1b, com.mongodb.Jep395RecordCodecProvider@47f1b064, com.mongodb.KotlinCodecProvider@17444cb9]}, loggerSettings=LoggerSettings{maxDocumentLength=1000}, clusterSettings={hosts=[localhost:27017], srvServiceName=mongodb, mode=SINGLE, requiredClusterType=UNKNOWN, requiredReplicaSetName='null', serverSelector='null', clusterListeners='[]', serverSelectionTimeout='30000 ms', localThreshold='15 ms'}, socketSettings=SocketSettings{connectTimeoutMS=10000, readTimeoutMS=0, receiveBufferSize=0, proxySettings=ProxySettings{host=null, port=null, username=null, password=null}}, heartbeatSocketSettings=SocketSettings{connectTimeoutMS=10000, readTimeoutMS=10000, receiveBufferSize=0, proxySettings=ProxySettings{host=null, port=null, username=null, password=null}}, connectionPoolSettings=ConnectionPoolSettings{maxSize=100, minSize=0, maxWaitTimeMS=120000, maxConnectionLifeTimeMS=0, maxConnectionIdleTimeMS=0, maintenanceInitialDelayMS=0, maintenanceFrequencyMS=60000, connectionPoolListeners=[io.micrometer.core.instrument.binder.mongodb.MongoMetricsConnectionPoolListener@6aa4b9ae], maxConnecting=2}, serverSettings=ServerSettings{heartbeatFrequencyMS=10000, minHeartbeatFrequencyMS=500, serverListeners='[]', serverMonitorListeners='[]'}, sslSettings=SslSettings{enabled=false, invalidHostNameAllowed=false, context=null}, applicationName='null', compressorList=[], uuidRepresentation=JAVA_LEGACY, serverApi=null, autoEncryptionSettings=null, dnsClient=null, inetAddressResolver=null, contextProvider=null}
2026-05-04 01:07:17.717 [cluster-ClusterId{value='69f78ed56fd7bd5a4186a409', description='null'}-localhost:27017] [] INFO  org.mongodb.driver.cluster - Monitor thread successfully connected to server with description ServerDescription{address=localhost:27017, type=STANDALONE, state=CONNECTED, ok=true, minWireVersion=0, maxWireVersion=17, maxDocumentSize=16777216, logicalSessionTimeoutMinutes=30, roundTripTimeNanos=7735916}
2026-05-04 01:07:18.546 [main] [] INFO  org.apache.coyote.http11.Http11NioProtocol - Starting ProtocolHandler ["http-nio-8080"]
2026-05-04 01:07:18.564 [main] [] INFO  com.phonestore.PhoneStoreApplication - Started PhoneStoreApplication in 4.956 seconds (process running for 5.249)
2026-05-04 01:07:18.607 [main] [] INFO  com.phonestore.config.DataInitializer - Admin user already exists: admin@phonestore.com
2026-05-04 01:07:21.852 [http-nio-8080-exec-2] [] INFO  org.apache.catalina.core.ContainerBase.[Tomcat].[localhost].[/api] - Initializing Spring DispatcherServlet 'dispatcherServlet'
2026-05-04 01:42:10.358 [main] [] INFO  com.phonestore.PhoneStoreApplication - Starting PhoneStoreApplication using Java 21.0.8 with PID 99365 (/Users/tstran95/ALL_IN_ONE/IT/PROJECT/phone-store/backend/target/classes started by tstran95 in /Users/tstran95/ALL_IN_ONE/IT/PROJECT/phone-store/backend)
2026-05-04 01:42:10.359 [main] [] INFO  com.phonestore.PhoneStoreApplication - The following 1 profile is active: "dev"
2026-05-04 01:42:11.216 [main] [] INFO  org.apache.coyote.http11.Http11NioProtocol - Initializing ProtocolHandler ["http-nio-8080"]
2026-05-04 01:42:11.216 [main] [] INFO  org.apache.catalina.core.StandardService - Starting service [Tomcat]
2026-05-04 01:42:11.217 [main] [] INFO  org.apache.catalina.core.StandardEngine - Starting Servlet engine: [Apache Tomcat/10.1.16]
2026-05-04 01:42:11.231 [main] [] INFO  org.apache.catalina.core.ContainerBase.[Tomcat].[localhost].[/api] - Initializing Spring embedded WebApplicationContext
2026-05-04 01:42:12.594 [main] [] INFO  com.phonestore.config.LoggingConfig - ========================================
2026-05-04 01:42:12.594 [main] [] INFO  com.phonestore.config.LoggingConfig - Logging system initialized
2026-05-04 01:42:12.594 [main] [] INFO  com.phonestore.config.LoggingConfig - Log files location: /Users/tstran95/ALL_IN_ONE/IT/PROJECT/phone-store/backend/./logs
2026-05-04 01:42:12.594 [main] [] INFO  com.phonestore.config.LoggingConfig - Trace token enabled for request tracking
2026-05-04 01:42:12.594 [main] [] INFO  com.phonestore.config.LoggingConfig - ========================================
2026-05-04 01:42:12.598 [main] [] INFO  com.phonestore.config.VNPayConfig - VNPay Config loaded - TMN Code: TESTCODE, Pay URL: https://sandbox.vnpayment.vn/paymentv2/vpcpay.html
2026-05-04 01:42:13.500 [main] [] INFO  org.mongodb.driver.client - MongoClient with metadata {"driver": {"name": "mongo-java-driver|sync|spring-boot", "version": "4.11.1"}, "os": {"type": "Darwin", "name": "Mac OS X", "architecture": "aarch64", "version": "15.7.4"}, "platform": "Java/Homebrew/21.0.8"} created with settings MongoClientSettings{readPreference=primary, writeConcern=WriteConcern{w=null, wTimeout=null ms, journal=null}, retryWrites=true, retryReads=true, readConcern=ReadConcern{level=null}, credential=MongoCredential{mechanism=null, userName='admin', source='admin', password=<hidden>, mechanismProperties=<hidden>}, transportSettings=null, streamFactoryFactory=null, commandListeners=[io.micrometer.core.instrument.binder.mongodb.MongoMetricsCommandListener@560a7823], codecRegistry=ProvidersCodecRegistry{codecProviders=[ValueCodecProvider{}, BsonValueCodecProvider{}, DBRefCodecProvider{}, DBObjectCodecProvider{}, DocumentCodecProvider{}, CollectionCodecProvider{}, IterableCodecProvider{}, MapCodecProvider{}, GeoJsonCodecProvider{}, GridFSFileCodecProvider{}, Jsr310CodecProvider{}, JsonObjectCodecProvider{}, BsonCodecProvider{}, EnumCodecProvider{}, com.mongodb.client.model.mql.ExpressionCodecProvider@57b414f0, com.mongodb.Jep395RecordCodecProvider@4132ba12, com.mongodb.KotlinCodecProvider@4ef8dc05]}, loggerSettings=LoggerSettings{maxDocumentLength=1000}, clusterSettings={hosts=[localhost:27017], srvServiceName=mongodb, mode=SINGLE, requiredClusterType=UNKNOWN, requiredReplicaSetName='null', serverSelector='null', clusterListeners='[]', serverSelectionTimeout='30000 ms', localThreshold='15 ms'}, socketSettings=SocketSettings{connectTimeoutMS=10000, readTimeoutMS=0, receiveBufferSize=0, proxySettings=ProxySettings{host=null, port=null, username=null, password=null}}, heartbeatSocketSettings=SocketSettings{connectTimeoutMS=10000, readTimeoutMS=10000, receiveBufferSize=0, proxySettings=ProxySettings{host=null, port=null, username=null, password=null}}, connectionPoolSettings=ConnectionPoolSettings{maxSize=100, minSize=0, maxWaitTimeMS=120000, maxConnectionLifeTimeMS=0, maxConnectionIdleTimeMS=0, maintenanceInitialDelayMS=0, maintenanceFrequencyMS=60000, connectionPoolListeners=[io.micrometer.core.instrument.binder.mongodb.MongoMetricsConnectionPoolListener@25941b5b], maxConnecting=2}, serverSettings=ServerSettings{heartbeatFrequencyMS=10000, minHeartbeatFrequencyMS=500, serverListeners='[]', serverMonitorListeners='[]'}, sslSettings=SslSettings{enabled=false, invalidHostNameAllowed=false, context=null}, applicationName='null', compressorList=[], uuidRepresentation=JAVA_LEGACY, serverApi=null, autoEncryptionSettings=null, dnsClient=null, inetAddressResolver=null, contextProvider=null}
2026-05-04 01:42:13.505 [cluster-ClusterId{value='69f79705d183c81867e1d439', description='null'}-localhost:27017] [] INFO  org.mongodb.driver.cluster - Monitor thread successfully connected to server with description ServerDescription{address=localhost:27017, type=STANDALONE, state=CONNECTED, ok=true, minWireVersion=0, maxWireVersion=17, maxDocumentSize=16777216, logicalSessionTimeoutMinutes=30, roundTripTimeNanos=7176417}
2026-05-04 01:42:14.150 [main] [] INFO  org.apache.coyote.http11.Http11NioProtocol - Starting ProtocolHandler ["http-nio-8080"]
2026-05-04 01:42:14.167 [main] [] INFO  com.phonestore.PhoneStoreApplication - Started PhoneStoreApplication in 3.932 seconds (process running for 4.258)
2026-05-04 01:42:14.201 [main] [] INFO  com.phonestore.config.DataInitializer - Admin user already exists: admin@phonestore.com
2026-05-04 01:42:17.074 [http-nio-8080-exec-2] [] INFO  org.apache.catalina.core.ContainerBase.[Tomcat].[localhost].[/api] - Initializing Spring DispatcherServlet 'dispatcherServlet'
2026-05-04 01:53:53.912 [main] [] INFO  com.phonestore.PhoneStoreApplication - Starting PhoneStoreApplication using Java 21.0.8 with PID 1132 (/Users/tstran95/ALL_IN_ONE/IT/PROJECT/phone-store/backend/target/classes started by tstran95 in /Users/tstran95/ALL_IN_ONE/IT/PROJECT/phone-store/backend)
2026-05-04 01:53:53.914 [main] [] INFO  com.phonestore.PhoneStoreApplication - The following 1 profile is active: "dev"
2026-05-04 01:53:54.677 [main] [] INFO  org.apache.coyote.http11.Http11NioProtocol - Initializing ProtocolHandler ["http-nio-8080"]
2026-05-04 01:53:54.678 [main] [] INFO  org.apache.catalina.core.StandardService - Starting service [Tomcat]
2026-05-04 01:53:54.678 [main] [] INFO  org.apache.catalina.core.StandardEngine - Starting Servlet engine: [Apache Tomcat/10.1.16]
2026-05-04 01:53:54.692 [main] [] INFO  org.apache.catalina.core.ContainerBase.[Tomcat].[localhost].[/api] - Initializing Spring embedded WebApplicationContext
2026-05-04 01:53:55.983 [main] [] INFO  com.phonestore.config.LoggingConfig - ========================================
2026-05-04 01:53:55.983 [main] [] INFO  com.phonestore.config.LoggingConfig - Logging system initialized
2026-05-04 01:53:55.983 [main] [] INFO  com.phonestore.config.LoggingConfig - Log files location: /Users/tstran95/ALL_IN_ONE/IT/PROJECT/phone-store/backend/./logs
2026-05-04 01:53:55.983 [main] [] INFO  com.phonestore.config.LoggingConfig - Trace token enabled for request tracking
2026-05-04 01:53:55.983 [main] [] INFO  com.phonestore.config.LoggingConfig - ========================================
2026-05-04 01:53:55.987 [main] [] INFO  com.phonestore.config.VNPayConfig - VNPay Config loaded - TMN Code: TESTCODE, Pay URL: https://sandbox.vnpayment.vn/paymentv2/vpcpay.html
2026-05-04 01:53:56.870 [main] [] INFO  org.mongodb.driver.client - MongoClient with metadata {"driver": {"name": "mongo-java-driver|sync|spring-boot", "version": "4.11.1"}, "os": {"type": "Darwin", "name": "Mac OS X", "architecture": "aarch64", "version": "15.7.4"}, "platform": "Java/Homebrew/21.0.8"} created with settings MongoClientSettings{readPreference=primary, writeConcern=WriteConcern{w=null, wTimeout=null ms, journal=null}, retryWrites=true, retryReads=true, readConcern=ReadConcern{level=null}, credential=MongoCredential{mechanism=null, userName='admin', source='admin', password=<hidden>, mechanismProperties=<hidden>}, transportSettings=null, streamFactoryFactory=null, commandListeners=[io.micrometer.core.instrument.binder.mongodb.MongoMetricsCommandListener@1ce55fdf], codecRegistry=ProvidersCodecRegistry{codecProviders=[ValueCodecProvider{}, BsonValueCodecProvider{}, DBRefCodecProvider{}, DBObjectCodecProvider{}, DocumentCodecProvider{}, CollectionCodecProvider{}, IterableCodecProvider{}, MapCodecProvider{}, GeoJsonCodecProvider{}, GridFSFileCodecProvider{}, Jsr310CodecProvider{}, JsonObjectCodecProvider{}, BsonCodecProvider{}, EnumCodecProvider{}, com.mongodb.client.model.mql.ExpressionCodecProvider@57c11c38, com.mongodb.Jep395RecordCodecProvider@70dbbbb9, com.mongodb.KotlinCodecProvider@67d1241b]}, loggerSettings=LoggerSettings{maxDocumentLength=1000}, clusterSettings={hosts=[localhost:27017], srvServiceName=mongodb, mode=SINGLE, requiredClusterType=UNKNOWN, requiredReplicaSetName='null', serverSelector='null', clusterListeners='[]', serverSelectionTimeout='30000 ms', localThreshold='15 ms'}, socketSettings=SocketSettings{connectTimeoutMS=10000, readTimeoutMS=0, receiveBufferSize=0, proxySettings=ProxySettings{host=null, port=null, username=null, password=null}}, heartbeatSocketSettings=SocketSettings{connectTimeoutMS=10000, readTimeoutMS=10000, receiveBufferSize=0, proxySettings=ProxySettings{host=null, port=null, username=null, password=null}}, connectionPoolSettings=ConnectionPoolSettings{maxSize=100, minSize=0, maxWaitTimeMS=120000, maxConnectionLifeTimeMS=0, maxConnectionIdleTimeMS=0, maintenanceInitialDelayMS=0, maintenanceFrequencyMS=60000, connectionPoolListeners=[io.micrometer.core.instrument.binder.mongodb.MongoMetricsConnectionPoolListener@6f601ce0], maxConnecting=2}, serverSettings=ServerSettings{heartbeatFrequencyMS=10000, minHeartbeatFrequencyMS=500, serverListeners='[]', serverMonitorListeners='[]'}, sslSettings=SslSettings{enabled=false, invalidHostNameAllowed=false, context=null}, applicationName='null', compressorList=[], uuidRepresentation=JAVA_LEGACY, serverApi=null, autoEncryptionSettings=null, dnsClient=null, inetAddressResolver=null, contextProvider=null}
2026-05-04 01:53:56.876 [cluster-ClusterId{value='69f799c416120d73c1ae8851', description='null'}-localhost:27017] [] INFO  org.mongodb.driver.cluster - Monitor thread successfully connected to server with description ServerDescription{address=localhost:27017, type=STANDALONE, state=CONNECTED, ok=true, minWireVersion=0, maxWireVersion=17, maxDocumentSize=16777216, logicalSessionTimeoutMinutes=30, roundTripTimeNanos=7617500}
2026-05-04 01:53:57.398 [main] [] INFO  org.apache.coyote.http11.Http11NioProtocol - Starting ProtocolHandler ["http-nio-8080"]
2026-05-04 02:03:47.658 [main] [] INFO  com.phonestore.PhoneStoreApplication - Starting PhoneStoreApplication using Java 21.0.8 with PID 2430 (/Users/tstran95/ALL_IN_ONE/IT/PROJECT/phone-store/backend/target/classes started by tstran95 in /Users/tstran95/ALL_IN_ONE/IT/PROJECT/phone-store/backend)
2026-05-04 02:03:47.659 [main] [] INFO  com.phonestore.PhoneStoreApplication - The following 1 profile is active: "dev"
2026-05-04 02:03:48.446 [main] [] INFO  org.apache.coyote.http11.Http11NioProtocol - Initializing ProtocolHandler ["http-nio-8080"]
2026-05-04 02:03:48.447 [main] [] INFO  org.apache.catalina.core.StandardService - Starting service [Tomcat]
2026-05-04 02:03:48.447 [main] [] INFO  org.apache.catalina.core.StandardEngine - Starting Servlet engine: [Apache Tomcat/10.1.16]
2026-05-04 02:03:48.461 [main] [] INFO  org.apache.catalina.core.ContainerBase.[Tomcat].[localhost].[/api] - Initializing Spring embedded WebApplicationContext
2026-05-04 02:03:49.813 [main] [] INFO  com.phonestore.config.LoggingConfig - ========================================
2026-05-04 02:03:49.813 [main] [] INFO  com.phonestore.config.LoggingConfig - Logging system initialized
2026-05-04 02:03:49.813 [main] [] INFO  com.phonestore.config.LoggingConfig - Log files location: /Users/tstran95/ALL_IN_ONE/IT/PROJECT/phone-store/backend/./logs
2026-05-04 02:03:49.813 [main] [] INFO  com.phonestore.config.LoggingConfig - Trace token enabled for request tracking
2026-05-04 02:03:49.813 [main] [] INFO  com.phonestore.config.LoggingConfig - ========================================
2026-05-04 02:03:49.817 [main] [] INFO  com.phonestore.config.VNPayConfig - VNPay Config loaded - TMN Code: TESTCODE, Pay URL: https://sandbox.vnpayment.vn/paymentv2/vpcpay.html
2026-05-04 02:03:50.671 [main] [] INFO  org.mongodb.driver.client - MongoClient with metadata {"driver": {"name": "mongo-java-driver|sync|spring-boot", "version": "4.11.1"}, "os": {"type": "Darwin", "name": "Mac OS X", "architecture": "aarch64", "version": "15.7.4"}, "platform": "Java/Homebrew/21.0.8"} created with settings MongoClientSettings{readPreference=primary, writeConcern=WriteConcern{w=null, wTimeout=null ms, journal=null}, retryWrites=true, retryReads=true, readConcern=ReadConcern{level=null}, credential=MongoCredential{mechanism=null, userName='admin', source='admin', password=<hidden>, mechanismProperties=<hidden>}, transportSettings=null, streamFactoryFactory=null, commandListeners=[io.micrometer.core.instrument.binder.mongodb.MongoMetricsCommandListener@8a6eeb8], codecRegistry=ProvidersCodecRegistry{codecProviders=[ValueCodecProvider{}, BsonValueCodecProvider{}, DBRefCodecProvider{}, DBObjectCodecProvider{}, DocumentCodecProvider{}, CollectionCodecProvider{}, IterableCodecProvider{}, MapCodecProvider{}, GeoJsonCodecProvider{}, GridFSFileCodecProvider{}, Jsr310CodecProvider{}, JsonObjectCodecProvider{}, BsonCodecProvider{}, EnumCodecProvider{}, com.mongodb.client.model.mql.ExpressionCodecProvider@32fbea, com.mongodb.Jep395RecordCodecProvider@c8de603, com.mongodb.KotlinCodecProvider@12f9db3f]}, loggerSettings=LoggerSettings{maxDocumentLength=1000}, clusterSettings={hosts=[localhost:27017], srvServiceName=mongodb, mode=SINGLE, requiredClusterType=UNKNOWN, requiredReplicaSetName='null', serverSelector='null', clusterListeners='[]', serverSelectionTimeout='30000 ms', localThreshold='15 ms'}, socketSettings=SocketSettings{connectTimeoutMS=10000, readTimeoutMS=0, receiveBufferSize=0, proxySettings=ProxySettings{host=null, port=null, username=null, password=null}}, heartbeatSocketSettings=SocketSettings{connectTimeoutMS=10000, readTimeoutMS=10000, receiveBufferSize=0, proxySettings=ProxySettings{host=null, port=null, username=null, password=null}}, connectionPoolSettings=ConnectionPoolSettings{maxSize=100, minSize=0, maxWaitTimeMS=120000, maxConnectionLifeTimeMS=0, maxConnectionIdleTimeMS=0, maintenanceInitialDelayMS=0, maintenanceFrequencyMS=60000, connectionPoolListeners=[io.micrometer.core.instrument.binder.mongodb.MongoMetricsConnectionPoolListener@1f49b38a], maxConnecting=2}, serverSettings=ServerSettings{heartbeatFrequencyMS=10000, minHeartbeatFrequencyMS=500, serverListeners='[]', serverMonitorListeners='[]'}, sslSettings=SslSettings{enabled=false, invalidHostNameAllowed=false, context=null}, applicationName='null', compressorList=[], uuidRepresentation=JAVA_LEGACY, serverApi=null, autoEncryptionSettings=null, dnsClient=null, inetAddressResolver=null, contextProvider=null}
2026-05-04 02:03:50.676 [cluster-ClusterId{value='69f79c162bd57d6caff30a37', description='null'}-localhost:27017] [] INFO  org.mongodb.driver.cluster - Monitor thread successfully connected to server with description ServerDescription{address=localhost:27017, type=STANDALONE, state=CONNECTED, ok=true, minWireVersion=0, maxWireVersion=17, maxDocumentSize=16777216, logicalSessionTimeoutMinutes=30, roundTripTimeNanos=7310166}
2026-05-04 02:03:51.201 [main] [] INFO  org.apache.coyote.http11.Http11NioProtocol - Starting ProtocolHandler ["http-nio-8080"]
2026-05-04 02:03:51.213 [main] [] INFO  com.phonestore.PhoneStoreApplication - Started PhoneStoreApplication in 3.669 seconds (process running for 3.936)
2026-05-04 02:03:51.245 [main] [] INFO  com.phonestore.config.DataInitializer - Admin user already exists: admin@phonestore.com
2026-05-04 02:03:59.113 [main] [] INFO  com.phonestore.PhoneStoreApplication - Starting PhoneStoreApplication using Java 21.0.8 with PID 2568 (/Users/tstran95/ALL_IN_ONE/IT/PROJECT/phone-store/backend/target/classes started by tstran95 in /Users/tstran95/ALL_IN_ONE/IT/PROJECT/phone-store/backend)
2026-05-04 02:03:59.114 [main] [] INFO  com.phonestore.PhoneStoreApplication - The following 1 profile is active: "dev"
2026-05-04 02:03:59.852 [main] [] INFO  org.apache.coyote.http11.Http11NioProtocol - Initializing ProtocolHandler ["http-nio-8080"]
2026-05-04 02:03:59.854 [main] [] INFO  org.apache.catalina.core.StandardService - Starting service [Tomcat]
2026-05-04 02:03:59.854 [main] [] INFO  org.apache.catalina.core.StandardEngine - Starting Servlet engine: [Apache Tomcat/10.1.16]
2026-05-04 02:03:59.871 [main] [] INFO  org.apache.catalina.core.ContainerBase.[Tomcat].[localhost].[/api] - Initializing Spring embedded WebApplicationContext
2026-05-04 02:04:01.082 [main] [] INFO  com.phonestore.config.LoggingConfig - ========================================
2026-05-04 02:04:01.082 [main] [] INFO  com.phonestore.config.LoggingConfig - Logging system initialized
2026-05-04 02:04:01.082 [main] [] INFO  com.phonestore.config.LoggingConfig - Log files location: /Users/tstran95/ALL_IN_ONE/IT/PROJECT/phone-store/backend/./logs
2026-05-04 02:04:01.082 [main] [] INFO  com.phonestore.config.LoggingConfig - Trace token enabled for request tracking
2026-05-04 02:04:01.082 [main] [] INFO  com.phonestore.config.LoggingConfig - ========================================
2026-05-04 02:04:01.085 [main] [] INFO  com.phonestore.config.VNPayConfig - VNPay Config loaded - TMN Code: TESTCODE, Pay URL: https://sandbox.vnpayment.vn/paymentv2/vpcpay.html
2026-05-04 02:04:01.920 [main] [] INFO  org.mongodb.driver.client - MongoClient with metadata {"driver": {"name": "mongo-java-driver|sync|spring-boot", "version": "4.11.1"}, "os": {"type": "Darwin", "name": "Mac OS X", "architecture": "aarch64", "version": "15.7.4"}, "platform": "Java/Homebrew/21.0.8"} created with settings MongoClientSettings{readPreference=primary, writeConcern=WriteConcern{w=null, wTimeout=null ms, journal=null}, retryWrites=true, retryReads=true, readConcern=ReadConcern{level=null}, credential=MongoCredential{mechanism=null, userName='admin', source='admin', password=<hidden>, mechanismProperties=<hidden>}, transportSettings=null, streamFactoryFactory=null, commandListeners=[io.micrometer.core.instrument.binder.mongodb.MongoMetricsCommandListener@25dd6bc9], codecRegistry=ProvidersCodecRegistry{codecProviders=[ValueCodecProvider{}, BsonValueCodecProvider{}, DBRefCodecProvider{}, DBObjectCodecProvider{}, DocumentCodecProvider{}, CollectionCodecProvider{}, IterableCodecProvider{}, MapCodecProvider{}, GeoJsonCodecProvider{}, GridFSFileCodecProvider{}, Jsr310CodecProvider{}, JsonObjectCodecProvider{}, BsonCodecProvider{}, EnumCodecProvider{}, com.mongodb.client.model.mql.ExpressionCodecProvider@757a48f9, com.mongodb.Jep395RecordCodecProvider@72bcb425, com.mongodb.KotlinCodecProvider@1df41490]}, loggerSettings=LoggerSettings{maxDocumentLength=1000}, clusterSettings={hosts=[localhost:27017], srvServiceName=mongodb, mode=SINGLE, requiredClusterType=UNKNOWN, requiredReplicaSetName='null', serverSelector='null', clusterListeners='[]', serverSelectionTimeout='30000 ms', localThreshold='15 ms'}, socketSettings=SocketSettings{connectTimeoutMS=10000, readTimeoutMS=0, receiveBufferSize=0, proxySettings=ProxySettings{host=null, port=null, username=null, password=null}}, heartbeatSocketSettings=SocketSettings{connectTimeoutMS=10000, readTimeoutMS=10000, receiveBufferSize=0, proxySettings=ProxySettings{host=null, port=null, username=null, password=null}}, connectionPoolSettings=ConnectionPoolSettings{maxSize=100, minSize=0, maxWaitTimeMS=120000, maxConnectionLifeTimeMS=0, maxConnectionIdleTimeMS=0, maintenanceInitialDelayMS=0, maintenanceFrequencyMS=60000, connectionPoolListeners=[io.micrometer.core.instrument.binder.mongodb.MongoMetricsConnectionPoolListener@3616e609], maxConnecting=2}, serverSettings=ServerSettings{heartbeatFrequencyMS=10000, minHeartbeatFrequencyMS=500, serverListeners='[]', serverMonitorListeners='[]'}, sslSettings=SslSettings{enabled=false, invalidHostNameAllowed=false, context=null}, applicationName='null', compressorList=[], uuidRepresentation=JAVA_LEGACY, serverApi=null, autoEncryptionSettings=null, dnsClient=null, inetAddressResolver=null, contextProvider=null}
2026-05-04 02:04:01.924 [cluster-ClusterId{value='69f79c2187c420469a11377a', description='null'}-localhost:27017] [] INFO  org.mongodb.driver.cluster - Monitor thread successfully connected to server with description ServerDescription{address=localhost:27017, type=STANDALONE, state=CONNECTED, ok=true, minWireVersion=0, maxWireVersion=17, maxDocumentSize=16777216, logicalSessionTimeoutMinutes=30, roundTripTimeNanos=6381541}
2026-05-04 02:04:02.435 [main] [] INFO  org.apache.coyote.http11.Http11NioProtocol - Starting ProtocolHandler ["http-nio-8080"]
2026-05-04 02:04:02.447 [main] [] INFO  com.phonestore.PhoneStoreApplication - Started PhoneStoreApplication in 3.438 seconds (process running for 3.672)
2026-05-04 02:04:02.478 [main] [] INFO  com.phonestore.config.DataInitializer - Admin user already exists: admin@phonestore.com
2026-05-04 02:04:07.804 [http-nio-8080-exec-5] [] INFO  org.apache.catalina.core.ContainerBase.[Tomcat].[localhost].[/api] - Initializing Spring DispatcherServlet 'dispatcherServlet'
2026-05-04 02:21:07.160 [main] [] INFO  com.phonestore.PhoneStoreApplication - Starting PhoneStoreApplication using Java 21.0.8 with PID 4965 (/Users/tstran95/ALL_IN_ONE/IT/PROJECT/phone-store/backend/target/classes started by tstran95 in /Users/tstran95/ALL_IN_ONE/IT/PROJECT/phone-store/backend)
2026-05-04 02:21:07.161 [main] [] INFO  com.phonestore.PhoneStoreApplication - The following 1 profile is active: "dev"
2026-05-04 02:21:08.031 [main] [] INFO  org.apache.coyote.http11.Http11NioProtocol - Initializing ProtocolHandler ["http-nio-8080"]
2026-05-04 02:21:08.032 [main] [] INFO  org.apache.catalina.core.StandardService - Starting service [Tomcat]
2026-05-04 02:21:08.032 [main] [] INFO  org.apache.catalina.core.StandardEngine - Starting Servlet engine: [Apache Tomcat/10.1.16]
2026-05-04 02:21:08.046 [main] [] INFO  org.apache.catalina.core.ContainerBase.[Tomcat].[localhost].[/api] - Initializing Spring embedded WebApplicationContext
2026-05-04 02:21:09.436 [main] [] INFO  com.phonestore.config.LoggingConfig - ========================================
2026-05-04 02:21:09.436 [main] [] INFO  com.phonestore.config.LoggingConfig - Logging system initialized
2026-05-04 02:21:09.436 [main] [] INFO  com.phonestore.config.LoggingConfig - Log files location: /Users/tstran95/ALL_IN_ONE/IT/PROJECT/phone-store/backend/./logs
2026-05-04 02:21:09.436 [main] [] INFO  com.phonestore.config.LoggingConfig - Trace token enabled for request tracking
2026-05-04 02:21:09.436 [main] [] INFO  com.phonestore.config.LoggingConfig - ========================================
2026-05-04 02:21:09.439 [main] [] INFO  com.phonestore.config.VNPayConfig - VNPay Config loaded - TMN Code: TESTCODE, Pay URL: https://sandbox.vnpayment.vn/paymentv2/vpcpay.html
2026-05-04 02:21:10.430 [main] [] INFO  org.mongodb.driver.client - MongoClient with metadata {"driver": {"name": "mongo-java-driver|sync|spring-boot", "version": "4.11.1"}, "os": {"type": "Darwin", "name": "Mac OS X", "architecture": "aarch64", "version": "15.7.4"}, "platform": "Java/Homebrew/21.0.8"} created with settings MongoClientSettings{readPreference=primary, writeConcern=WriteConcern{w=null, wTimeout=null ms, journal=null}, retryWrites=true, retryReads=true, readConcern=ReadConcern{level=null}, credential=MongoCredential{mechanism=null, userName='admin', source='admin', password=<hidden>, mechanismProperties=<hidden>}, transportSettings=null, streamFactoryFactory=null, commandListeners=[io.micrometer.core.instrument.binder.mongodb.MongoMetricsCommandListener@165abf1], codecRegistry=ProvidersCodecRegistry{codecProviders=[ValueCodecProvider{}, BsonValueCodecProvider{}, DBRefCodecProvider{}, DBObjectCodecProvider{}, DocumentCodecProvider{}, CollectionCodecProvider{}, IterableCodecProvider{}, MapCodecProvider{}, GeoJsonCodecProvider{}, GridFSFileCodecProvider{}, Jsr310CodecProvider{}, JsonObjectCodecProvider{}, BsonCodecProvider{}, EnumCodecProvider{}, com.mongodb.client.model.mql.ExpressionCodecProvider@2ba83c41, com.mongodb.Jep395RecordCodecProvider@316245b6, com.mongodb.KotlinCodecProvider@6d31bae5]}, loggerSettings=LoggerSettings{maxDocumentLength=1000}, clusterSettings={hosts=[localhost:27017], srvServiceName=mongodb, mode=SINGLE, requiredClusterType=UNKNOWN, requiredReplicaSetName='null', serverSelector='null', clusterListeners='[]', serverSelectionTimeout='30000 ms', localThreshold='15 ms'}, socketSettings=SocketSettings{connectTimeoutMS=10000, readTimeoutMS=0, receiveBufferSize=0, proxySettings=ProxySettings{host=null, port=null, username=null, password=null}}, heartbeatSocketSettings=SocketSettings{connectTimeoutMS=10000, readTimeoutMS=10000, receiveBufferSize=0, proxySettings=ProxySettings{host=null, port=null, username=null, password=null}}, connectionPoolSettings=ConnectionPoolSettings{maxSize=100, minSize=0, maxWaitTimeMS=120000, maxConnectionLifeTimeMS=0, maxConnectionIdleTimeMS=0, maintenanceInitialDelayMS=0, maintenanceFrequencyMS=60000, connectionPoolListeners=[io.micrometer.core.instrument.binder.mongodb.MongoMetricsConnectionPoolListener@66692051], maxConnecting=2}, serverSettings=ServerSettings{heartbeatFrequencyMS=10000, minHeartbeatFrequencyMS=500, serverListeners='[]', serverMonitorListeners='[]'}, sslSettings=SslSettings{enabled=false, invalidHostNameAllowed=false, context=null}, applicationName='null', compressorList=[], uuidRepresentation=JAVA_LEGACY, serverApi=null, autoEncryptionSettings=null, dnsClient=null, inetAddressResolver=null, contextProvider=null}
2026-05-04 02:21:10.436 [cluster-ClusterId{value='69f7a0264288cd31df74f7d3', description='null'}-localhost:27017] [] INFO  org.mongodb.driver.cluster - Monitor thread successfully connected to server with description ServerDescription{address=localhost:27017, type=STANDALONE, state=CONNECTED, ok=true, minWireVersion=0, maxWireVersion=17, maxDocumentSize=16777216, logicalSessionTimeoutMinutes=30, roundTripTimeNanos=7510208}
2026-05-04 02:21:10.955 [main] [] INFO  org.apache.coyote.http11.Http11NioProtocol - Starting ProtocolHandler ["http-nio-8080"]
2026-05-04 02:21:10.967 [main] [] INFO  com.phonestore.PhoneStoreApplication - Started PhoneStoreApplication in 3.927 seconds (process running for 4.229)
2026-05-04 02:21:10.998 [main] [] INFO  com.phonestore.config.DataInitializer - Admin user already exists: admin@phonestore.com
2026-05-04 02:26:05.497 [main] [] INFO  com.phonestore.PhoneStoreApplication - Starting PhoneStoreApplication using Java 21.0.8 with PID 5354 (/Users/tstran95/ALL_IN_ONE/IT/PROJECT/phone-store/backend/target/classes started by tstran95 in /Users/tstran95/ALL_IN_ONE/IT/PROJECT/phone-store/backend)
2026-05-04 02:26:05.498 [main] [] INFO  com.phonestore.PhoneStoreApplication - The following 1 profile is active: "dev"
2026-05-04 02:26:06.268 [main] [] INFO  org.apache.coyote.http11.Http11NioProtocol - Initializing ProtocolHandler ["http-nio-8080"]
2026-05-04 02:26:06.269 [main] [] INFO  org.apache.catalina.core.StandardService - Starting service [Tomcat]
2026-05-04 02:26:06.269 [main] [] INFO  org.apache.catalina.core.StandardEngine - Starting Servlet engine: [Apache Tomcat/10.1.16]
2026-05-04 02:26:06.285 [main] [] INFO  org.apache.catalina.core.ContainerBase.[Tomcat].[localhost].[/api] - Initializing Spring embedded WebApplicationContext
2026-05-04 02:26:07.603 [main] [] INFO  com.phonestore.config.LoggingConfig - ========================================
2026-05-04 02:26:07.603 [main] [] INFO  com.phonestore.config.LoggingConfig - Logging system initialized
2026-05-04 02:26:07.603 [main] [] INFO  com.phonestore.config.LoggingConfig - Log files location: /Users/tstran95/ALL_IN_ONE/IT/PROJECT/phone-store/backend/./logs
2026-05-04 02:26:07.603 [main] [] INFO  com.phonestore.config.LoggingConfig - Trace token enabled for request tracking
2026-05-04 02:26:07.603 [main] [] INFO  com.phonestore.config.LoggingConfig - ========================================
2026-05-04 02:26:07.606 [main] [] INFO  com.phonestore.config.VNPayConfig - VNPay Config loaded - TMN Code: TESTCODE, Pay URL: https://sandbox.vnpayment.vn/paymentv2/vpcpay.html
2026-05-04 02:26:08.515 [main] [] INFO  org.mongodb.driver.client - MongoClient with metadata {"driver": {"name": "mongo-java-driver|sync|spring-boot", "version": "4.11.1"}, "os": {"type": "Darwin", "name": "Mac OS X", "architecture": "aarch64", "version": "15.7.4"}, "platform": "Java/Homebrew/21.0.8"} created with settings MongoClientSettings{readPreference=primary, writeConcern=WriteConcern{w=null, wTimeout=null ms, journal=null}, retryWrites=true, retryReads=true, readConcern=ReadConcern{level=null}, credential=MongoCredential{mechanism=null, userName='admin', source='admin', password=<hidden>, mechanismProperties=<hidden>}, transportSettings=null, streamFactoryFactory=null, commandListeners=[io.micrometer.core.instrument.binder.mongodb.MongoMetricsCommandListener@71ead6b0], codecRegistry=ProvidersCodecRegistry{codecProviders=[ValueCodecProvider{}, BsonValueCodecProvider{}, DBRefCodecProvider{}, DBObjectCodecProvider{}, DocumentCodecProvider{}, CollectionCodecProvider{}, IterableCodecProvider{}, MapCodecProvider{}, GeoJsonCodecProvider{}, GridFSFileCodecProvider{}, Jsr310CodecProvider{}, JsonObjectCodecProvider{}, BsonCodecProvider{}, EnumCodecProvider{}, com.mongodb.client.model.mql.ExpressionCodecProvider@21580cf2, com.mongodb.Jep395RecordCodecProvider@51b9ee5e, com.mongodb.KotlinCodecProvider@751fd568]}, loggerSettings=LoggerSettings{maxDocumentLength=1000}, clusterSettings={hosts=[localhost:27017], srvServiceName=mongodb, mode=SINGLE, requiredClusterType=UNKNOWN, requiredReplicaSetName='null', serverSelector='null', clusterListeners='[]', serverSelectionTimeout='30000 ms', localThreshold='15 ms'}, socketSettings=SocketSettings{connectTimeoutMS=10000, readTimeoutMS=0, receiveBufferSize=0, proxySettings=ProxySettings{host=null, port=null, username=null, password=null}}, heartbeatSocketSettings=SocketSettings{connectTimeoutMS=10000, readTimeoutMS=10000, receiveBufferSize=0, proxySettings=ProxySettings{host=null, port=null, username=null, password=null}}, connectionPoolSettings=ConnectionPoolSettings{maxSize=100, minSize=0, maxWaitTimeMS=120000, maxConnectionLifeTimeMS=0, maxConnectionIdleTimeMS=0, maintenanceInitialDelayMS=0, maintenanceFrequencyMS=60000, connectionPoolListeners=[io.micrometer.core.instrument.binder.mongodb.MongoMetricsConnectionPoolListener@667d12fe], maxConnecting=2}, serverSettings=ServerSettings{heartbeatFrequencyMS=10000, minHeartbeatFrequencyMS=500, serverListeners='[]', serverMonitorListeners='[]'}, sslSettings=SslSettings{enabled=false, invalidHostNameAllowed=false, context=null}, applicationName='null', compressorList=[], uuidRepresentation=JAVA_LEGACY, serverApi=null, autoEncryptionSettings=null, dnsClient=null, inetAddressResolver=null, contextProvider=null}
2026-05-04 02:26:08.520 [cluster-ClusterId{value='69f7a15033c9ed09ea6b5678', description='null'}-localhost:27017] [] INFO  org.mongodb.driver.cluster - Monitor thread successfully connected to server with description ServerDescription{address=localhost:27017, type=STANDALONE, state=CONNECTED, ok=true, minWireVersion=0, maxWireVersion=17, maxDocumentSize=16777216, logicalSessionTimeoutMinutes=30, roundTripTimeNanos=7549459}
2026-05-04 02:26:09.323 [main] [] INFO  org.apache.coyote.http11.Http11NioProtocol - Starting ProtocolHandler ["http-nio-8080"]
2026-05-04 02:26:09.847 [http-nio-8080-exec-2] [] INFO  org.apache.catalina.core.ContainerBase.[Tomcat].[localhost].[/api] - Initializing Spring DispatcherServlet 'dispatcherServlet'
2026-05-04 02:26:18.980 [main] [] INFO  com.phonestore.PhoneStoreApplication - Starting PhoneStoreApplication using Java 21.0.8 with PID 5687 (/Users/tstran95/ALL_IN_ONE/IT/PROJECT/phone-store/backend/target/classes started by tstran95 in /Users/tstran95/ALL_IN_ONE/IT/PROJECT/phone-store/backend)
2026-05-04 02:26:18.981 [main] [] INFO  com.phonestore.PhoneStoreApplication - The following 1 profile is active: "dev"
2026-05-04 02:26:19.703 [main] [] INFO  org.apache.coyote.http11.Http11NioProtocol - Initializing ProtocolHandler ["http-nio-8080"]
2026-05-04 02:26:19.704 [main] [] INFO  org.apache.catalina.core.StandardService - Starting service [Tomcat]
2026-05-04 02:26:19.704 [main] [] INFO  org.apache.catalina.core.StandardEngine - Starting Servlet engine: [Apache Tomcat/10.1.16]
2026-05-04 02:26:19.717 [main] [] INFO  org.apache.catalina.core.ContainerBase.[Tomcat].[localhost].[/api] - Initializing Spring embedded WebApplicationContext
2026-05-04 02:26:20.907 [main] [] INFO  com.phonestore.config.LoggingConfig - ========================================
2026-05-04 02:26:20.907 [main] [] INFO  com.phonestore.config.LoggingConfig - Logging system initialized
2026-05-04 02:26:20.907 [main] [] INFO  com.phonestore.config.LoggingConfig - Log files location: /Users/tstran95/ALL_IN_ONE/IT/PROJECT/phone-store/backend/./logs
2026-05-04 02:26:20.907 [main] [] INFO  com.phonestore.config.LoggingConfig - Trace token enabled for request tracking
2026-05-04 02:26:20.907 [main] [] INFO  com.phonestore.config.LoggingConfig - ========================================
2026-05-04 02:26:20.910 [main] [] INFO  com.phonestore.config.VNPayConfig - VNPay Config loaded - TMN Code: TESTCODE, Pay URL: https://sandbox.vnpayment.vn/paymentv2/vpcpay.html
2026-05-04 02:26:21.745 [main] [] INFO  org.mongodb.driver.client - MongoClient with metadata {"driver": {"name": "mongo-java-driver|sync|spring-boot", "version": "4.11.1"}, "os": {"type": "Darwin", "name": "Mac OS X", "architecture": "aarch64", "version": "15.7.4"}, "platform": "Java/Homebrew/21.0.8"} created with settings MongoClientSettings{readPreference=primary, writeConcern=WriteConcern{w=null, wTimeout=null ms, journal=null}, retryWrites=true, retryReads=true, readConcern=ReadConcern{level=null}, credential=MongoCredential{mechanism=null, userName='admin', source='admin', password=<hidden>, mechanismProperties=<hidden>}, transportSettings=null, streamFactoryFactory=null, commandListeners=[io.micrometer.core.instrument.binder.mongodb.MongoMetricsCommandListener@4a371889], codecRegistry=ProvidersCodecRegistry{codecProviders=[ValueCodecProvider{}, BsonValueCodecProvider{}, DBRefCodecProvider{}, DBObjectCodecProvider{}, DocumentCodecProvider{}, CollectionCodecProvider{}, IterableCodecProvider{}, MapCodecProvider{}, GeoJsonCodecProvider{}, GridFSFileCodecProvider{}, Jsr310CodecProvider{}, JsonObjectCodecProvider{}, BsonCodecProvider{}, EnumCodecProvider{}, com.mongodb.client.model.mql.ExpressionCodecProvider@66a2f0f1, com.mongodb.Jep395RecordCodecProvider@7b8b1ada, com.mongodb.KotlinCodecProvider@11fb5c55]}, loggerSettings=LoggerSettings{maxDocumentLength=1000}, clusterSettings={hosts=[localhost:27017], srvServiceName=mongodb, mode=SINGLE, requiredClusterType=UNKNOWN, requiredReplicaSetName='null', serverSelector='null', clusterListeners='[]', serverSelectionTimeout='30000 ms', localThreshold='15 ms'}, socketSettings=SocketSettings{connectTimeoutMS=10000, readTimeoutMS=0, receiveBufferSize=0, proxySettings=ProxySettings{host=null, port=null, username=null, password=null}}, heartbeatSocketSettings=SocketSettings{connectTimeoutMS=10000, readTimeoutMS=10000, receiveBufferSize=0, proxySettings=ProxySettings{host=null, port=null, username=null, password=null}}, connectionPoolSettings=ConnectionPoolSettings{maxSize=100, minSize=0, maxWaitTimeMS=120000, maxConnectionLifeTimeMS=0, maxConnectionIdleTimeMS=0, maintenanceInitialDelayMS=0, maintenanceFrequencyMS=60000, connectionPoolListeners=[io.micrometer.core.instrument.binder.mongodb.MongoMetricsConnectionPoolListener@c8de603], maxConnecting=2}, serverSettings=ServerSettings{heartbeatFrequencyMS=10000, minHeartbeatFrequencyMS=500, serverListeners='[]', serverMonitorListeners='[]'}, sslSettings=SslSettings{enabled=false, invalidHostNameAllowed=false, context=null}, applicationName='null', compressorList=[], uuidRepresentation=JAVA_LEGACY, serverApi=null, autoEncryptionSettings=null, dnsClient=null, inetAddressResolver=null, contextProvider=null}
2026-05-04 02:26:21.752 [cluster-ClusterId{value='69f7a15da61b0f0bb74d1223', description='null'}-localhost:27017] [] INFO  org.mongodb.driver.cluster - Monitor thread successfully connected to server with description ServerDescription{address=localhost:27017, type=STANDALONE, state=CONNECTED, ok=true, minWireVersion=0, maxWireVersion=17, maxDocumentSize=16777216, logicalSessionTimeoutMinutes=30, roundTripTimeNanos=7348375}
2026-05-04 02:26:22.306 [main] [] INFO  org.apache.coyote.http11.Http11NioProtocol - Starting ProtocolHandler ["http-nio-8080"]
2026-05-04 02:26:22.319 [main] [] INFO  com.phonestore.PhoneStoreApplication - Started PhoneStoreApplication in 3.444 seconds (process running for 3.683)
2026-05-04 02:26:22.349 [main] [] INFO  com.phonestore.config.DataInitializer - Admin user already exists: admin@phonestore.com
2026-05-04 02:26:39.582 [http-nio-8080-exec-1] [] INFO  org.apache.catalina.core.ContainerBase.[Tomcat].[localhost].[/api] - Initializing Spring DispatcherServlet 'dispatcherServlet'
